<?xml version="1.0" encoding="UTF-8"?>
<testsuites name="jest tests" tests="2" failures="0" errors="0" time="10.092">
  <testsuite name="COMMENTS" errors="0" failures="0" skipped="1" timestamp="2024-04-19T02:59:02" time="9.267" tests="2">
    <testcase classname="COMMENTS get request" name="COMMENTS get request" time="0">
      <skipped/>
    </testcase>
    <testcase classname="COMMENTS post request" name="COMMENTS post request" time="0.518">
    </testcase>
  </testsuite>
</testsuites>