<?xml version="1.0" encoding="UTF-8"?>
<testsuites name="jest tests" tests="2" failures="0" errors="0" time="9.28">
  <testsuite name="COMMENTS" errors="0" failures="0" skipped="1" timestamp="2024-04-19T03:24:07" time="8.293" tests="2">
    <testcase classname="COMMENTS get request" name="COMMENTS get request" time="0">
      <skipped/>
    </testcase>
    <testcase classname="COMMENTS post request" name="COMMENTS post request" time="0.53">
    </testcase>
  </testsuite>
</testsuites>